// Jest Snapshot v1, https://goo.gl/fbAQLP

exports[`matches the default story snapshot 1`] = `
<View
  style={
    {
      "backgroundColor": "#ffffff",
      "flex": 1,
      "padding": 16,
    }
  }
>
  <View
    accessibilityLabel="Sign out"
    accessibilityRole="button"
    accessibilityState={
      {
        "busy": false,
        "checked": undefined,
        "disabled": false,
        "expanded": undefined,
        "selected": undefined,
      }
    }
    accessibilityValue={
      {
        "max": undefined,
        "min": undefined,
        "now": undefined,
        "text": undefined,
      }
    }
    accessible={true}
    collapsable={false}
    focusable={true}
    hitSlop={8}
    onBlur={[Function]}
    onClick={[Function]}
    onFocus={[Function]}
    onResponderGrant={[Function]}
    onResponderMove={[Function]}
    onResponderRelease={[Function]}
    onResponderTerminate={[Function]}
    onResponderTerminationRequest={[Function]}
    onStartShouldSetResponder={[Function]}
    style={
      [
        {
          "alignSelf": "center",
          "paddingVertical": 16,
        },
        false,
        undefined,
      ]
    }
  >
    <Text
      style={
        [
          {
            "fontFamily": "Inter_400Regular",
            "fontSize": 12,
            "lineHeight": 16,
          },
          {
            "color": "#151518",
          },
          {
            "color": "#d93636",
          },
        ]
      }
    >
      Sign out
    </Text>
  </View>
</View>
`;
