// Jest Snapshot v1, https://goo.gl/fbAQLP

exports[`matches the default story snapshot 1`] = `
<View
  style={
    {
      "backgroundColor": "#ffffff",
      "flex": 1,
      "padding": 16,
    }
  }
>
  <View
    accessibilityLabel="Anastasia Kleisioni"
    accessibilityRole="button"
    accessibilityState={
      {
        "busy": undefined,
        "checked": undefined,
        "disabled": undefined,
        "expanded": undefined,
        "selected": undefined,
      }
    }
    accessibilityValue={
      {
        "max": undefined,
        "min": undefined,
        "now": undefined,
        "text": undefined,
      }
    }
    accessible={true}
    collapsable={false}
    focusable={true}
    onBlur={[Function]}
    onClick={[Function]}
    onFocus={[Function]}
    onResponderGrant={[Function]}
    onResponderMove={[Function]}
    onResponderRelease={[Function]}
    onResponderTerminate={[Function]}
    onResponderTerminationRequest={[Function]}
    onStartShouldSetResponder={[Function]}
    style={
      [
        {
          "alignItems": "center",
          "gap": 8,
        },
        false,
      ]
    }
  >
    <View
      accessibilityLabel="Anastasia Kleisioni"
      accessibilityRole="image"
      accessible={true}
      style={
        [
          {
            "backgroundColor": "#3a448a",
            "borderRadius": 9999,
            "height": 84,
            "overflow": "hidden",
            "width": 84,
          },
          undefined,
        ]
      }
    />
    <Text
      numberOfLines={1}
      style={
        [
          {
            "fontFamily": "Inter_400Regular",
            "fontSize": 15,
            "lineHeight": 20,
          },
          {
            "color": "#151518",
          },
          undefined,
        ]
      }
    >
      Anastasia
    </Text>
  </View>
</View>
`;
