// Jest Snapshot v1, https://goo.gl/fbAQLP

exports[`matches the default story snapshot 1`] = `
<View
  style={
    {
      "backgroundColor": "#ffffff",
      "flex": 1,
      "padding": 16,
    }
  }
>
  <View
    accessibilityLabel="Add note"
    accessibilityRole="button"
    accessibilityState={
      {
        "busy": undefined,
        "checked": undefined,
        "disabled": false,
        "expanded": undefined,
        "selected": undefined,
      }
    }
    accessibilityValue={
      {
        "max": undefined,
        "min": undefined,
        "now": undefined,
        "text": undefined,
      }
    }
    accessible={true}
    collapsable={false}
    focusable={true}
    onBlur={[Function]}
    onClick={[Function]}
    onFocus={[Function]}
    onResponderGrant={[Function]}
    onResponderMove={[Function]}
    onResponderRelease={[Function]}
    onResponderTerminate={[Function]}
    onResponderTerminationRequest={[Function]}
    onStartShouldSetResponder={[Function]}
    style={
      [
        {
          "alignItems": "center",
          "borderRadius": 9999,
          "justifyContent": "center",
        },
        {
          "height": 44,
          "width": 44,
        },
        false,
        false,
        false,
        undefined,
      ]
    }
  >
    <ViewManagerAdapter_ExpoImage
      containerViewRef={"[React.ref]"}
      contentFit="contain"
      contentPosition={
        {
          "left": "50%",
          "top": "50%",
        }
      }
      height={22}
      nativeViewRef={"[React.ref]"}
      onError={[Function]}
      onLoad={[Function]}
      onLoadStart={[Function]}
      onProgress={[Function]}
      placeholder={[]}
      sfEffect={null}
      source={
        [
          {
            "testUri": "../../../client/assets/icons/plus.svg",
          },
        ]
      }
      style={
        {
          "height": 22,
          "width": 22,
        }
      }
      symbolSize={null}
      symbolWeight={null}
      testID="icon-plus"
      tintColor={4279571736}
      transition={null}
      width={22}
    />
  </View>
</View>
`;
