// Jest Snapshot v1, https://goo.gl/fbAQLP

exports[`matches the default story snapshot 1`] = `
<View
  style={
    {
      "backgroundColor": "#ffffff",
      "flex": 1,
      "padding": 16,
    }
  }
>
  <View>
    <View
      style={
        [
          {
            "gap": 8,
          },
          undefined,
        ]
      }
    >
      <Text
        style={
          [
            {
              "fontFamily": "Inter_400Regular",
              "fontSize": 15,
              "lineHeight": 20,
            },
            {
              "color": "#151518",
            },
            undefined,
          ]
        }
      >
        Password
      </Text>
      <TextInput
        accessibilityLabel="Password"
        autoCapitalize="none"
        autoCorrect={false}
        onChangeText={[MockFunction spy]}
        placeholderTextColor="#8a8a8f"
        secureTextEntry={true}
        style={
          [
            {
              "backgroundColor": "#f0f0f3",
              "borderColor": "#cfcfcf",
              "borderRadius": 8,
              "borderWidth": 1,
              "color": "#151518",
              "fontFamily": "Inter_400Regular",
              "fontSize": 15,
              "lineHeight": 20,
              "minHeight": 40,
              "paddingHorizontal": 12,
              "paddingVertical": 8,
            },
            undefined,
            null,
          ]
        }
        textAlignVertical="center"
        textContentType="password"
        value="hunter22"
      />
    </View>
    <View
      accessibilityLabel="Show password"
      accessibilityRole="button"
      accessibilityState={
        {
          "busy": undefined,
          "checked": undefined,
          "disabled": undefined,
          "expanded": undefined,
          "selected": undefined,
        }
      }
      accessibilityValue={
        {
          "max": undefined,
          "min": undefined,
          "now": undefined,
          "text": undefined,
        }
      }
      accessible={true}
      collapsable={false}
      focusable={true}
      hitSlop={8}
      onBlur={[Function]}
      onClick={[Function]}
      onFocus={[Function]}
      onResponderGrant={[Function]}
      onResponderMove={[Function]}
      onResponderRelease={[Function]}
      onResponderTerminate={[Function]}
      onResponderTerminationRequest={[Function]}
      onStartShouldSetResponder={[Function]}
      style={
        {
          "position": "absolute",
          "right": 12,
          "top": 0,
        }
      }
    >
      <Text
        style={
          [
            {
              "fontFamily": "Inter_400Regular",
              "fontSize": 12,
              "lineHeight": 16,
            },
            {
              "color": "#151518",
            },
            {
              "color": "#3a448a",
            },
          ]
        }
      >
        Show
      </Text>
    </View>
  </View>
</View>
`;
