// Jest Snapshot v1, https://goo.gl/fbAQLP

exports[`matches the default story snapshot 1`] = `
<View
  style={
    {
      "backgroundColor": "#ffffff",
      "flex": 1,
      "padding": 16,
    }
  }
>
  <View
    style={
      [
        {
          "gap": 8,
        },
        undefined,
      ]
    }
  >
    <Text
      style={
        [
          {
            "fontFamily": "Inter_400Regular",
            "fontSize": 15,
            "lineHeight": 20,
          },
          {
            "color": "#151518",
          },
          undefined,
        ]
      }
    >
      Contact Frequency
    </Text>
    <View
      accessibilityLabel="Contact Frequency"
      accessibilityRole="radiogroup"
      style={
        {
          "flexDirection": "row",
          "flexWrap": "wrap",
          "gap": 8,
        }
      }
    >
      <View
        accessibilityLabel="Weekly"
        accessibilityRole="radio"
        accessibilityState={
          {
            "busy": undefined,
            "checked": false,
            "disabled": undefined,
            "expanded": undefined,
            "selected": undefined,
          }
        }
        accessibilityValue={
          {
            "max": undefined,
            "min": undefined,
            "now": undefined,
            "text": undefined,
          }
        }
        accessible={true}
        collapsable={false}
        focusable={true}
        onBlur={[Function]}
        onClick={[Function]}
        onFocus={[Function]}
        onResponderGrant={[Function]}
        onResponderMove={[Function]}
        onResponderRelease={[Function]}
        onResponderTerminate={[Function]}
        onResponderTerminationRequest={[Function]}
        onStartShouldSetResponder={[Function]}
        style={
          [
            {
              "alignItems": "center",
              "backgroundColor": "#f0f0f3",
              "borderColor": "#cfcfcf",
              "borderRadius": 9999,
              "borderWidth": 1,
              "height": 36,
              "justifyContent": "center",
              "paddingHorizontal": 16,
            },
            false,
          ]
        }
      >
        <Text
          style={
            [
              {
                "fontFamily": "Inter_400Regular",
                "fontSize": 15,
                "lineHeight": 20,
              },
              {
                "color": "#151518",
              },
              undefined,
            ]
          }
        >
          Weekly
        </Text>
      </View>
      <View
        accessibilityLabel="Every 2 weeks"
        accessibilityRole="radio"
        accessibilityState={
          {
            "busy": undefined,
            "checked": false,
            "disabled": undefined,
            "expanded": undefined,
            "selected": undefined,
          }
        }
        accessibilityValue={
          {
            "max": undefined,
            "min": undefined,
            "now": undefined,
            "text": undefined,
          }
        }
        accessible={true}
        collapsable={false}
        focusable={true}
        onBlur={[Function]}
        onClick={[Function]}
        onFocus={[Function]}
        onResponderGrant={[Function]}
        onResponderMove={[Function]}
        onResponderRelease={[Function]}
        onResponderTerminate={[Function]}
        onResponderTerminationRequest={[Function]}
        onStartShouldSetResponder={[Function]}
        style={
          [
            {
              "alignItems": "center",
              "backgroundColor": "#f0f0f3",
              "borderColor": "#cfcfcf",
              "borderRadius": 9999,
              "borderWidth": 1,
              "height": 36,
              "justifyContent": "center",
              "paddingHorizontal": 16,
            },
            false,
          ]
        }
      >
        <Text
          style={
            [
              {
                "fontFamily": "Inter_400Regular",
                "fontSize": 15,
                "lineHeight": 20,
              },
              {
                "color": "#151518",
              },
              undefined,
            ]
          }
        >
          Every 2 weeks
        </Text>
      </View>
      <View
        accessibilityLabel="Monthly"
        accessibilityRole="radio"
        accessibilityState={
          {
            "busy": undefined,
            "checked": true,
            "disabled": undefined,
            "expanded": undefined,
            "selected": undefined,
          }
        }
        accessibilityValue={
          {
            "max": undefined,
            "min": undefined,
            "now": undefined,
            "text": undefined,
          }
        }
        accessible={true}
        collapsable={false}
        focusable={true}
        onBlur={[Function]}
        onClick={[Function]}
        onFocus={[Function]}
        onResponderGrant={[Function]}
        onResponderMove={[Function]}
        onResponderRelease={[Function]}
        onResponderTerminate={[Function]}
        onResponderTerminationRequest={[Function]}
        onStartShouldSetResponder={[Function]}
        style={
          [
            {
              "alignItems": "center",
              "backgroundColor": "#f0f0f3",
              "borderColor": "#cfcfcf",
              "borderRadius": 9999,
              "borderWidth": 1,
              "height": 36,
              "justifyContent": "center",
              "paddingHorizontal": 16,
            },
            {
              "backgroundColor": "#151518",
              "borderColor": "#151518",
            },
          ]
        }
      >
        <Text
          style={
            [
              {
                "fontFamily": "Inter_400Regular",
                "fontSize": 15,
                "lineHeight": 20,
              },
              {
                "color": "#151518",
              },
              {
                "color": "#ffffff",
              },
            ]
          }
        >
          Monthly
        </Text>
      </View>
      <View
        accessibilityLabel="Quarterly"
        accessibilityRole="radio"
        accessibilityState={
          {
            "busy": undefined,
            "checked": false,
            "disabled": undefined,
            "expanded": undefined,
            "selected": undefined,
          }
        }
        accessibilityValue={
          {
            "max": undefined,
            "min": undefined,
            "now": undefined,
            "text": undefined,
          }
        }
        accessible={true}
        collapsable={false}
        focusable={true}
        onBlur={[Function]}
        onClick={[Function]}
        onFocus={[Function]}
        onResponderGrant={[Function]}
        onResponderMove={[Function]}
        onResponderRelease={[Function]}
        onResponderTerminate={[Function]}
        onResponderTerminationRequest={[Function]}
        onStartShouldSetResponder={[Function]}
        style={
          [
            {
              "alignItems": "center",
              "backgroundColor": "#f0f0f3",
              "borderColor": "#cfcfcf",
              "borderRadius": 9999,
              "borderWidth": 1,
              "height": 36,
              "justifyContent": "center",
              "paddingHorizontal": 16,
            },
            false,
          ]
        }
      >
        <Text
          style={
            [
              {
                "fontFamily": "Inter_400Regular",
                "fontSize": 15,
                "lineHeight": 20,
              },
              {
                "color": "#151518",
              },
              undefined,
            ]
          }
        >
          Quarterly
        </Text>
      </View>
    </View>
  </View>
</View>
`;
