// Jest Snapshot v1, https://goo.gl/fbAQLP

exports[`matches the default story snapshot 1`] = `
<View
  style={
    {
      "backgroundColor": "#ffffff",
      "flex": 1,
      "padding": 16,
    }
  }
>
  <View
    style={
      {
        "borderBottomColor": "#151518",
        "borderBottomWidth": 1,
        "flexDirection": "row",
        "position": "relative",
      }
    }
  >
    <View
      accessibilityLabel="Overdue"
      accessibilityRole="tab"
      accessibilityState={
        {
          "busy": undefined,
          "checked": undefined,
          "disabled": undefined,
          "expanded": undefined,
          "selected": true,
        }
      }
      accessibilityValue={
        {
          "max": undefined,
          "min": undefined,
          "now": undefined,
          "text": undefined,
        }
      }
      accessible={true}
      collapsable={false}
      focusable={true}
      onBlur={[Function]}
      onClick={[Function]}
      onFocus={[Function]}
      onResponderGrant={[Function]}
      onResponderMove={[Function]}
      onResponderRelease={[Function]}
      onResponderTerminate={[Function]}
      onResponderTerminationRequest={[Function]}
      onStartShouldSetResponder={[Function]}
      style={
        {
          "alignItems": "center",
          "flex": 1,
          "flexDirection": "row",
          "gap": 4,
          "justifyContent": "center",
          "paddingVertical": 12,
        }
      }
    >
      <Text
        style={
          [
            {
              "fontFamily": "Inter_400Regular",
              "fontSize": 15,
              "lineHeight": 20,
            },
            {
              "color": "#151518",
            },
            undefined,
          ]
        }
      >
        Overdue
      </Text>
      <View
        style={
          {
            "alignItems": "center",
            "backgroundColor": "#76ff2c",
            "borderRadius": 9999,
            "height": 20,
            "justifyContent": "center",
            "minWidth": 20,
            "paddingHorizontal": 4,
          }
        }
      >
        <Text
          style={
            [
              {
                "fontFamily": "Inter_400Regular",
                "fontSize": 12,
                "lineHeight": 16,
              },
              {
                "color": "#151518",
              },
              {
                "color": "#151518",
              },
            ]
          }
        >
          3
        </Text>
      </View>
    </View>
    <View
      accessibilityLabel="Upcoming"
      accessibilityRole="tab"
      accessibilityState={
        {
          "busy": undefined,
          "checked": undefined,
          "disabled": undefined,
          "expanded": undefined,
          "selected": false,
        }
      }
      accessibilityValue={
        {
          "max": undefined,
          "min": undefined,
          "now": undefined,
          "text": undefined,
        }
      }
      accessible={true}
      collapsable={false}
      focusable={true}
      onBlur={[Function]}
      onClick={[Function]}
      onFocus={[Function]}
      onResponderGrant={[Function]}
      onResponderMove={[Function]}
      onResponderRelease={[Function]}
      onResponderTerminate={[Function]}
      onResponderTerminationRequest={[Function]}
      onStartShouldSetResponder={[Function]}
      style={
        {
          "alignItems": "center",
          "flex": 1,
          "flexDirection": "row",
          "gap": 4,
          "justifyContent": "center",
          "paddingVertical": 12,
        }
      }
    >
      <Text
        style={
          [
            {
              "fontFamily": "Inter_400Regular",
              "fontSize": 15,
              "lineHeight": 20,
            },
            {
              "color": "#8a8a8f",
            },
            undefined,
          ]
        }
      >
        Upcoming
      </Text>
    </View>
    <View
      collapsable={false}
      style={
        {
          "backgroundColor": "#151518",
          "bottom": -1,
          "height": 2,
          "left": "0%",
          "position": "absolute",
          "width": "50%",
        }
      }
      testID="nudge-tabs-indicator"
    />
  </View>
</View>
`;
