// Jest Snapshot v1, https://goo.gl/fbAQLP

exports[`matches the default story snapshot 1`] = `
<View
  style={
    {
      "backgroundColor": "#ffffff",
      "flex": 1,
      "padding": 16,
    }
  }
>
  <RNCSafeAreaView
    edges={
      {
        "bottom": "additive",
        "left": "additive",
        "right": "additive",
        "top": "off",
      }
    }
    style={
      {
        "alignItems": "center",
        "backgroundColor": "#ffffff",
        "borderTopColor": "#cfcfcf",
        "borderTopWidth": 1,
        "flexDirection": "row",
        "justifyContent": "space-evenly",
      }
    }
  >
    <View
      accessibilityLabel="Friend book"
      accessibilityRole="tab"
      accessibilityState={
        {
          "busy": undefined,
          "checked": undefined,
          "disabled": undefined,
          "expanded": undefined,
          "selected": false,
        }
      }
      accessibilityValue={
        {
          "max": undefined,
          "min": undefined,
          "now": undefined,
          "text": undefined,
        }
      }
      accessible={true}
      collapsable={false}
      focusable={true}
      onBlur={[Function]}
      onClick={[Function]}
      onFocus={[Function]}
      onResponderGrant={[Function]}
      onResponderMove={[Function]}
      onResponderRelease={[Function]}
      onResponderTerminate={[Function]}
      onResponderTerminationRequest={[Function]}
      onStartShouldSetResponder={[Function]}
      style={
        {
          "alignItems": "center",
          "height": 56,
          "justifyContent": "center",
          "paddingHorizontal": 24,
        }
      }
    >
      <ViewManagerAdapter_ExpoImage
        containerViewRef={"[React.ref]"}
        contentFit="contain"
        contentPosition={
          {
            "left": "50%",
            "top": "50%",
          }
        }
        height={22}
        nativeViewRef={"[React.ref]"}
        onError={[Function]}
        onLoad={[Function]}
        onLoadStart={[Function]}
        onProgress={[Function]}
        placeholder={[]}
        sfEffect={null}
        source={
          [
            {
              "testUri": "../../../client/assets/icons/book.svg",
            },
          ]
        }
        style={
          {
            "height": 22,
            "width": 22,
          }
        }
        symbolSize={null}
        symbolWeight={null}
        testID="icon-book"
        tintColor={4287269519}
        transition={null}
        width={22}
      />
    </View>
    <View
      accessibilityLabel="Add a friend"
      accessibilityRole="tab"
      accessibilityState={
        {
          "busy": undefined,
          "checked": undefined,
          "disabled": undefined,
          "expanded": undefined,
          "selected": false,
        }
      }
      accessibilityValue={
        {
          "max": undefined,
          "min": undefined,
          "now": undefined,
          "text": undefined,
        }
      }
      accessible={true}
      collapsable={false}
      focusable={true}
      onBlur={[Function]}
      onClick={[Function]}
      onFocus={[Function]}
      onResponderGrant={[Function]}
      onResponderMove={[Function]}
      onResponderRelease={[Function]}
      onResponderTerminate={[Function]}
      onResponderTerminationRequest={[Function]}
      onStartShouldSetResponder={[Function]}
      style={
        {
          "alignItems": "center",
          "height": 56,
          "justifyContent": "center",
          "paddingHorizontal": 24,
        }
      }
    >
      <ViewManagerAdapter_ExpoImage
        containerViewRef={"[React.ref]"}
        contentFit="contain"
        contentPosition={
          {
            "left": "50%",
            "top": "50%",
          }
        }
        height={22}
        nativeViewRef={"[React.ref]"}
        onError={[Function]}
        onLoad={[Function]}
        onLoadStart={[Function]}
        onProgress={[Function]}
        placeholder={[]}
        sfEffect={null}
        source={
          [
            {
              "testUri": "../../../client/assets/icons/plus.svg",
            },
          ]
        }
        style={
          {
            "height": 22,
            "width": 22,
          }
        }
        symbolSize={null}
        symbolWeight={null}
        testID="icon-plus"
        tintColor={4287269519}
        transition={null}
        width={22}
      />
    </View>
    <View
      accessibilityLabel="Home"
      accessibilityRole="tab"
      accessibilityState={
        {
          "busy": undefined,
          "checked": undefined,
          "disabled": undefined,
          "expanded": undefined,
          "selected": true,
        }
      }
      accessibilityValue={
        {
          "max": undefined,
          "min": undefined,
          "now": undefined,
          "text": undefined,
        }
      }
      accessible={true}
      collapsable={false}
      focusable={true}
      onBlur={[Function]}
      onClick={[Function]}
      onFocus={[Function]}
      onResponderGrant={[Function]}
      onResponderMove={[Function]}
      onResponderRelease={[Function]}
      onResponderTerminate={[Function]}
      onResponderTerminationRequest={[Function]}
      onStartShouldSetResponder={[Function]}
      style={
        {
          "alignItems": "center",
          "height": 56,
          "justifyContent": "center",
          "paddingHorizontal": 24,
        }
      }
    >
      <ViewManagerAdapter_ExpoImage
        containerViewRef={"[React.ref]"}
        contentFit="contain"
        contentPosition={
          {
            "left": "50%",
            "top": "50%",
          }
        }
        height={22}
        nativeViewRef={"[React.ref]"}
        onError={[Function]}
        onLoad={[Function]}
        onLoadStart={[Function]}
        onProgress={[Function]}
        placeholder={[]}
        sfEffect={null}
        source={
          [
            {
              "testUri": "../../../client/assets/icons/home.svg",
            },
          ]
        }
        style={
          {
            "height": 22,
            "width": 22,
          }
        }
        symbolSize={null}
        symbolWeight={null}
        testID="icon-home"
        tintColor={4279571736}
        transition={null}
        width={22}
      />
    </View>
  </RNCSafeAreaView>
</View>
`;
