// Jest Snapshot v1, https://goo.gl/fbAQLP

exports[`matches the default story snapshot 1`] = `
<View
  style={
    {
      "backgroundColor": "#ffffff",
      "flex": 1,
      "padding": 16,
    }
  }
>
  <View
    accessibilityLabel="Contacted"
    accessibilityRole="checkbox"
    accessibilityState={
      {
        "busy": undefined,
        "checked": false,
        "disabled": false,
        "expanded": undefined,
        "selected": undefined,
      }
    }
    accessibilityValue={
      {
        "max": undefined,
        "min": undefined,
        "now": undefined,
        "text": undefined,
      }
    }
    accessible={true}
    collapsable={false}
    focusable={true}
    hitSlop={10}
    onBlur={[Function]}
    onClick={[Function]}
    onFocus={[Function]}
    onResponderGrant={[Function]}
    onResponderMove={[Function]}
    onResponderRelease={[Function]}
    onResponderTerminate={[Function]}
    onResponderTerminationRequest={[Function]}
    onStartShouldSetResponder={[Function]}
    style={
      [
        {
          "borderColor": "#cfcfcf",
          "borderRadius": 2,
          "borderWidth": 1,
          "height": 18,
          "width": 18,
        },
        false,
        false,
      ]
    }
  />
</View>
`;
